// Jest Snapshot v1, https://goo.gl/fbAQLP

exports[`Cart with items matches snapshot 1`] = `
<div>
  <div
    class="cart"
  >
    <h1
      class="cart-heading"
    >
      Cart
    </h1>
    <div
      class="cart-items"
    >
      <div
        class="item"
      >
        <img
          alt=""
          src="https://picsum.photos/200"
        />
        <div
          class="item-details"
        >
          <h3>
            Product 1
          </h3>
          <p
            class="cart-desc"
          >
            <span
              class="bold"
            >
              Description:
            </span>
             
            This is a product
          </p>
          <p>
            <span
              class="bold"
            >
              Size:
            </span>
             
            S
          </p>
          <p>
            <span
              class="bold"
            >
              Price:
            </span>
             $
            10.00
          </p>
          <p>
            <span
              class="bold"
            >
              Qty: 
            </span>
            1
          </p>
        </div>
        <div
          class="item-price"
        >
          $
          10.00
        </div>
        <button
          class="remove-button"
        >
          X
        </button>
      </div>
      <div
        class="item"
      >
        <img
          alt=""
          src="https://picsum.photos/200"
        />
        <div
          class="item-details"
        >
          <h3>
            Product 2
          </h3>
          <p
            class="cart-desc"
          >
            <span
              class="bold"
            >
              Description:
            </span>
             
            This is a product
          </p>
          <p>
            <span
              class="bold"
            >
              Size:
            </span>
             
            S
          </p>
          <p>
            <span
              class="bold"
            >
              Price:
            </span>
             $
            10.00
          </p>
          <p>
            <span
              class="bold"
            >
              Qty: 
            </span>
            2
          </p>
        </div>
        <div
          class="item-price"
        >
          $
          20.00
        </div>
        <button
          class="remove-button"
        >
          X
        </button>
      </div>
    </div>
    <div
      class="cart-total"
    >
      <p>
        Total: $
        30.00
      </p>
      <button>
        Checkout
      </button>
    </div>
  </div>
</div>
`;

exports[`Empty cart matches snapshot 1`] = `
<div>
  <div
    class="cart-empty"
  >
    <h1
      class="cart-heading"
    >
      Cart
    </h1>
    <h2
      class="empty-msg"
    >
      Your cart is currently empty.
       
      <a
        data-testid="keep-shopping-link"
        href="/products"
      >
        keep shopping.
      </a>
    </h2>
  </div>
</div>
`;
