// Jest Snapshot v1, https://goo.gl/fbAQLP

exports[`Footer matches snapshot 1`] = `
<div>
  <footer>
    <div
      class="footer-info"
    >
      <div
        class="footer-about"
      >
        <h3>
          ABOUT THE SHOP
        </h3>
        <p>
          After being frustrated with being unable to find fitted high quality essentials at a fair price, we decided to take matters in to our own hands.
        </p>
      </div>
      <div
        class="footer-help"
      >
        <h3>
          HELP
        </h3>
        <ul>
          <li>
            FAQ
          </li>
          <li>
            Returns
          </li>
          <li>
            Care Instructions
          </li>
          <li>
            Email Support
          </li>
          <li>
            Changing ot Modifying Order
          </li>
          <li>
            Terms & Conditions
          </li>
          <li>
            Privacy Policy
          </li>
          <li>
            Return Policy
          </li>
          <li>
            International Shipping Policy
          </li>
        </ul>
      </div>
      <div
        class="footer-newsletter"
      >
        <h3>
          NEWSLETTER
        </h3>
        <p>
          Subscribe to receive updates, access to exclusive deals, and more.
        </p>
        <input
          placeholder="Enter your email address"
          type="email"
        />
        <button>
          SUBSCRIBE
        </button>
      </div>
    </div>
    <p
      class="footer-rights"
    >
      Copyright Â© Ozkar Alvarez
    </p>
  </footer>
</div>
`;
